Archive member included to satisfy reference by file (symbol)

.\CortexM3\ARM_GCC_541\Debug\AY1920_II_HW_05_PROJ_2.3.a(UART_Debug.o)
                              .\CortexM3\ARM_GCC_541\Debug\main.o (UART_Debug_Start)
.\CortexM3\ARM_GCC_541\Debug\AY1920_II_HW_05_PROJ_2.3.a(I2C_Master.o)
                              .\CortexM3\ARM_GCC_541\Debug\I2C_Interface.o (I2C_Master_Start)
.\CortexM3\ARM_GCC_541\Debug\AY1920_II_HW_05_PROJ_2.3.a(I2C_Master_INT.o)
                              .\CortexM3\ARM_GCC_541\Debug\AY1920_II_HW_05_PROJ_2.3.a(I2C_Master.o) (I2C_Master_ISR)
.\CortexM3\ARM_GCC_541\Debug\AY1920_II_HW_05_PROJ_2.3.a(I2C_Master_PM.o)
                              .\CortexM3\ARM_GCC_541\Debug\AY1920_II_HW_05_PROJ_2.3.a(I2C_Master.o) (I2C_Master_backup)
.\CortexM3\ARM_GCC_541\Debug\AY1920_II_HW_05_PROJ_2.3.a(I2C_Master_MASTER.o)
                              .\CortexM3\ARM_GCC_541\Debug\AY1920_II_HW_05_PROJ_2.3.a(I2C_Master.o) (I2C_Master_mstrStatus)
.\CortexM3\ARM_GCC_541\Debug\AY1920_II_HW_05_PROJ_2.3.a(UART_Debug_IntClock.o)
                              .\CortexM3\ARM_GCC_541\Debug\AY1920_II_HW_05_PROJ_2.3.a(UART_Debug.o) (UART_Debug_IntClock_Start)
.\CortexM3\ARM_GCC_541\Debug\AY1920_II_HW_05_PROJ_2.3.a(CyLib.o)
                              .\CortexM3\ARM_GCC_541\Debug\Cm3Start.o (CyHalt)
.\CortexM3\ARM_GCC_541\Debug\AY1920_II_HW_05_PROJ_2.3.a(cyPm.o)
                              .\CortexM3\ARM_GCC_541\Debug\AY1920_II_HW_05_PROJ_2.3.a(CyLib.o) (CyPmReadStatus)
.\CortexM3\ARM_GCC_541\Debug\AY1920_II_HW_05_PROJ_2.3.a(Timer_ACC.o)
                              .\CortexM3\ARM_GCC_541\Debug\InterruptRoutines.o (Timer_ACC_ReadStatusRegister)
.\CortexM3\ARM_GCC_541\Debug\AY1920_II_HW_05_PROJ_2.3.a(isr_READ.o)
                              .\CortexM3\ARM_GCC_541\Debug\main.o (isr_READ_StartEx)
.\CortexM3\ARM_GCC_541\Debug\AY1920_II_HW_05_PROJ_2.3.a(CyBootAsmGnu.o)
                              .\CortexM3\ARM_GCC_541\Debug\cyfitter_cfg.o (CyDelayCycles)
.\CortexM3\ARM_GCC_541\Debug\AY1920_II_HW_05_PROJ_2.3.a(CyFlash.o)
                              .\CortexM3\ARM_GCC_541\Debug\AY1920_II_HW_05_PROJ_2.3.a(cyPm.o) (CyFlash_SetWaitCycles)
.\CortexM3\ARM_GCC_541\Debug\AY1920_II_HW_05_PROJ_2.3.a(CySpc.o)
                              .\CortexM3\ARM_GCC_541\Debug\AY1920_II_HW_05_PROJ_2.3.a(CyFlash.o) (CySpcStart)
c:/program files (x86)/cypress/psoc creator/4.3/psoc creator/import/gnu/arm/5.4.1/bin/../lib/gcc/arm-none-eabi/5.4.1/armv7-m\libgcc.a(_arm_addsubdf3.o)
                              .\CortexM3\ARM_GCC_541\Debug\main.o (__aeabi_dadd)
c:/program files (x86)/cypress/psoc creator/4.3/psoc creator/import/gnu/arm/5.4.1/bin/../lib/gcc/arm-none-eabi/5.4.1/armv7-m\libgcc.a(_arm_muldivdf3.o)
                              .\CortexM3\ARM_GCC_541\Debug\main.o (__aeabi_dmul)
c:/program files (x86)/cypress/psoc creator/4.3/psoc creator/import/gnu/arm/5.4.1/bin/../lib/gcc/arm-none-eabi/5.4.1/armv7-m\libgcc.a(_arm_truncdfsf2.o)
                              .\CortexM3\ARM_GCC_541\Debug\main.o (__aeabi_d2f)
c:/program files (x86)/cypress/psoc creator/4.3/psoc creator/import/gnu/arm/5.4.1/bin/../lib/gcc/arm-none-eabi/5.4.1/armv7-m\libgcc.a(_arm_muldivsf3.o)
                              .\CortexM3\ARM_GCC_541\Debug\main.o (__aeabi_fmul)
c:/program files (x86)/cypress/psoc creator/4.3/psoc creator/import/gnu/arm/5.4.1/bin/../lib/gcc/arm-none-eabi/5.4.1/armv7-m\libgcc.a(_arm_fixsfsi.o)
                              .\CortexM3\ARM_GCC_541\Debug\main.o (__aeabi_f2iz)
c:/program files (x86)/cypress/psoc creator/4.3/psoc creator/import/gnu/arm/5.4.1/bin/../lib/gcc/arm-none-eabi/5.4.1/../../../../arm-none-eabi/lib/armv7-m\libg_nano.a(lib_a-errno.o)
                              .\CortexM3\ARM_GCC_541\Debug\Cm3Start.o (__errno)
c:/program files (x86)/cypress/psoc creator/4.3/psoc creator/import/gnu/arm/5.4.1/bin/../lib/gcc/arm-none-eabi/5.4.1/../../../../arm-none-eabi/lib/armv7-m\libg_nano.a(lib_a-exit.o)
                              c:/program files (x86)/cypress/psoc creator/4.3/psoc creator/import/gnu/arm/5.4.1/bin/../lib/gcc/arm-none-eabi/5.4.1/../../../../arm-none-eabi/lib/armv7-m/crt0.o (exit)
c:/program files (x86)/cypress/psoc creator/4.3/psoc creator/import/gnu/arm/5.4.1/bin/../lib/gcc/arm-none-eabi/5.4.1/../../../../arm-none-eabi/lib/armv7-m\libg_nano.a(lib_a-impure.o)
                              c:/program files (x86)/cypress/psoc creator/4.3/psoc creator/import/gnu/arm/5.4.1/bin/../lib/gcc/arm-none-eabi/5.4.1/../../../../arm-none-eabi/lib/armv7-m\libg_nano.a(lib_a-exit.o) (_global_impure_ptr)
c:/program files (x86)/cypress/psoc creator/4.3/psoc creator/import/gnu/arm/5.4.1/bin/../lib/gcc/arm-none-eabi/5.4.1/../../../../arm-none-eabi/lib/armv7-m\libg_nano.a(lib_a-init.o)
                              c:/program files (x86)/cypress/psoc creator/4.3/psoc creator/import/gnu/arm/5.4.1/bin/../lib/gcc/arm-none-eabi/5.4.1/../../../../arm-none-eabi/lib/armv7-m/crt0.o (__libc_init_array)
[...]
Memory Configuration

Name             Origin             Length             Attributes
rom              0x00000000         0x00040000         xr
ram              0x1fff8000         0x00010000         xrw
*default*        0x00000000         0xffffffff

Linker script and memory map

LOAD c:/program files (x86)/cypress/psoc creator/4.3/psoc creator/import/gnu/arm/5.4.1/bin/../lib/gcc/arm-none-eabi/5.4.1/armv7-m/crti.o
LOAD c:/program files (x86)/cypress/psoc creator/4.3/psoc creator/import/gnu/arm/5.4.1/bin/../lib/gcc/arm-none-eabi/5.4.1/armv7-m/crtbegin.o
LOAD c:/program files (x86)/cypress/psoc creator/4.3/psoc creator/import/gnu/arm/5.4.1/bin/../lib/gcc/arm-none-eabi/5.4.1/../../../../arm-none-eabi/lib/armv7-m/crt0.o
START GROUP
LOAD .\CortexM3\ARM_GCC_541\Debug\main.o
LOAD .\CortexM3\ARM_GCC_541\Debug\I2C_Interface.o
LOAD .\CortexM3\ARM_GCC_541\Debug\InterruptRoutines.o
LOAD .\CortexM3\ARM_GCC_541\Debug\cyfitter_cfg.o
LOAD .\CortexM3\ARM_GCC_541\Debug\cymetadata.o
LOAD .\CortexM3\ARM_GCC_541\Debug\Cm3Start.o
LOAD .\CortexM3\ARM_GCC_541\Debug\AY1920_II_HW_05_PROJ_2.3.a
LOAD C:\Program Files (x86)\Cypress\PSoC Creator\4.3\PSoC Creator\psoc\content\cycomponentlibrary\CyComponentLibrary.cylib\CortexM3\ARM_GCC_541\Debug\CyComponentLibrary.a
END GROUP
START GROUP
LOAD c:/program files (x86)/cypress/psoc creator/4.3/psoc creator/import/gnu/arm/5.4.1/bin/../lib/gcc/arm-none-eabi/5.4.1/armv7-m\libgcc.a
LOAD c:/program files (x86)/cypress/psoc creator/4.3/psoc creator/import/gnu/arm/5.4.1/bin/../lib/gcc/arm-none-eabi/5.4.1/../../../../arm-none-eabi/lib/armv7-m\libg_nano.a
LOAD c:/program files (x86)/cypress/psoc creator/4.3/psoc creator/import/gnu/arm/5.4.1/bin/../lib/gcc/arm-none-eabi/5.4.1/../../../../arm-none-eabi/lib/armv7-m\libc_nano.a
END GROUP
START GROUP
LOAD c:/program files (x86)/cypress/psoc creator/4.3/psoc creator/import/gnu/arm/5.4.1/bin/../lib/gcc/arm-none-eabi/5.4.1/armv7-m\libgcc.a
LOAD c:/program files (x86)/cypress/psoc creator/4.3/psoc creator/import/gnu/arm/5.4.1/bin/../lib/gcc/arm-none-eabi/5.4.1/../../../../arm-none-eabi/lib/armv7-m\libc_nano.a
END GROUP
LOAD c:/program files (x86)/cypress/psoc creator/4.3/psoc creator/import/gnu/arm/5.4.1/bin/../lib/gcc/arm-none-eabi/5.4.1/armv7-m/crtend.o
LOAD c:/program files (x86)/cypress/psoc creator/4.3/psoc creator/import/gnu/arm/5.4.1/bin/../lib/gcc/arm-none-eabi/5.4.1/armv7-m/crtn.o
START GROUP
LOAD c:/program files (x86)/cypress/psoc creator/4.3/psoc creator/import/gnu/arm/5.4.1/bin/../lib/gcc/arm-none-eabi/5.4.1/armv7-m\libgcc.a
LOAD c:/program files (x86)/cypress/psoc creator/4.3/psoc creator/import/gnu/arm/5.4.1/bin/../lib/gcc/arm-none-eabi/5.4.1/../../../../arm-none-eabi/lib/armv7-m\libc.a
LOAD c:/program files (x86)/cypress/psoc creator/4.3/psoc creator/import/gnu/arm/5.4.1/bin/../lib/gcc/arm-none-eabi/5.4.1/../../../../arm-none-eabi/lib/armv7-m\libnosys.a
END GROUP
                0x00000000                CY_APPL_ORIGIN = 0x0
                0x00000100                CY_FLASH_ROW_SIZE = 0x100
                0x00000020                CY_ECC_ROW_SIZE = 0x20
                0x00000000                CY_EE_IN_BTLDR = 0x0
                0x00000000                CY_APPL_LOADABLE = 0x0
                0x00000800                CY_EE_SIZE = 0x800
                0x00000001                CY_APPL_NUM = 0x1
                0x00000001                CY_APPL_MAX = 0x1
                0x00000040                CY_METADATA_SIZE = 0x40
                0x00000000                CY_APPL_LOADABLE = 0x0
                0x00000000                CY_CHECKSUM_EXCLUDE_SIZE = ALIGN (0x0, CY_FLASH_ROW_SIZE)
                [!provide]                PROVIDE (__cy_heap_start, _end)
                0x00000001                PROVIDE (__cy_region_num, ((__cy_regions_end - __cy_regions) / 0x10))
                0x20008000                PROVIDE (__cy_stack, (ORIGIN (ram) + LENGTH (ram)))
                [!provide]                PROVIDE (__cy_heap_end, (__cy_stack - 0x800))

.cybootloader   0x00000000        0x0
 *(.cybootloader)
                0x00000000                appl1_start = CY_APPL_ORIGIN?CY_APPL_ORIGIN:ALIGN (CY_FLASH_ROW_SIZE)
                0x0001ff00                appl2_start = (appl1_start + ALIGN ((((LENGTH (rom) - appl1_start) - (0x2 * CY_FLASH_ROW_SIZE)) / 0x2), CY_FLASH_ROW_SIZE))
                0x00000000                appl_start = (CY_APPL_NUM == 0x1)?appl1_start:appl2_start
                0x00000000                ecc_offset = ((appl_start / CY_FLASH_ROW_SIZE) * CY_ECC_ROW_SIZE)
                0x00000000                ee_offset = (CY_APPL_LOADABLE && ! (CY_EE_IN_BTLDR))?((CY_EE_SIZE / CY_APPL_MAX) * (CY_APPL_NUM - 0x1)):0x0
                0x00000800                ee_size = (CY_APPL_LOADABLE && ! (CY_EE_IN_BTLDR))?(CY_EE_SIZE / CY_APPL_MAX):CY_EE_SIZE
                [!provide]                PROVIDE (CY_ECC_OFFSET, ecc_offset)

.text           0x00000000     0x23f8
 CREATE_OBJECT_SYMBOLS
                0x00000000                PROVIDE (__cy_interrupt_vector, RomVectors)
 *(.romvectors)
 .romvectors    0x00000000       0x10 .\CortexM3\ARM_GCC_541\Debug\Cm3Start.o
                0x00000000                RomVectors
                0x00000001                ASSERT ((. != __cy_interrupt_vector), No interrupt vector)
                0x00000001                ASSERT (CY_APPL_ORIGIN?(SIZEOF (.cybootloader) <= CY_APPL_ORIGIN):0x1, Wrong image location)
                0x00000010                PROVIDE (__cy_reset, Reset)
 *(.text.Reset)
 .text.Reset    0x00000010       0x18 .\CortexM3\ARM_GCC_541\Debug\Cm3Start.o
                0x00000010                Reset
                0x00000001                ASSERT ((. != __cy_reset), No reset code)
 *(.dma_init)
                0x00000001                ASSERT ((((appl_start + .) <= 0x10000) || 0x1), DMA Init must be within the first 64k of flash)
 *(.text .text.* .gnu.linkonce.t.*)
 .text          0x00000028       0x5c c:/program files (x86)/cypress/psoc creator/4.3/psoc creator/import/gnu/arm/5.4.1/bin/../lib/gcc/arm-none-eabi/5.4.1/armv7-m/crtbegin.o
 *fill*         0x00000084        0x4 
 .text.main     0x00000088      0x31c .\CortexM3\ARM_GCC_541\Debug\main.o
                0x00000088                main
 .text.I2C_Peripheral_Start
                0x000003a4        0xc .\CortexM3\ARM_GCC_541\Debug\I2C_Interface.o
                0x000003a4                I2C_Peripheral_Start
 .text.I2C_Peripheral_ReadRegister
                0x000003b0       0x40 .\CortexM3\ARM_GCC_541\Debug\I2C_Interface.o
                0x000003b0                I2C_Peripheral_ReadRegister
 .text.I2C_Peripheral_ReadRegisterMulti
                0x000003f0       0x64 .\CortexM3\ARM_GCC_541\Debug\I2C_Interface.o
                0x000003f0                I2C_Peripheral_ReadRegisterMulti
 .text.I2C_Peripheral_WriteRegister
                0x00000454       0x30 .\CortexM3\ARM_GCC_541\Debug\I2C_Interface.o
                0x00000454                I2C_Peripheral_WriteRegister
 .text.I2C_Peripheral_IsDeviceConnected
                0x00000484       0x18 .\CortexM3\ARM_GCC_541\Debug\I2C_Interface.o
                0x00000484                I2C_Peripheral_IsDeviceConnected
 .text.Custom_ISR_READ
                0x0000049c       0x14 .\CortexM3\ARM_GCC_541\Debug\InterruptRoutines.o
                0x0000049c                Custom_ISR_READ
 .text.CyClockStartupError
                0x000004b0        0x4 .\CortexM3\ARM_GCC_541\Debug\cyfitter_cfg.o
 .text.cfg_write_bytes32
                0x000004b4       0x34 .\CortexM3\ARM_GCC_541\Debug\cyfitter_cfg.o
 .text.AnalogSetDefault
                0x000004e8       0x28 .\CortexM3\ARM_GCC_541\Debug\cyfitter_cfg.o
 .text.CYMEMZERO
                0x00000510        0xc .\CortexM3\ARM_GCC_541\Debug\cyfitter_cfg.o
 .text.ClockSetup
                0x0000051c       0xc8 .\CortexM3\ARM_GCC_541\Debug\cyfitter_cfg.o
 .text.CYCONFIGCPY
                0x000005e4        0x8 .\CortexM3\ARM_GCC_541\Debug\cyfitter_cfg.o
 .text.cyfitter_cfg
                0x000005ec      0x100 .\CortexM3\ARM_GCC_541\Debug\cyfitter_cfg.o
                0x000005ec                cyfitter_cfg
 .text.IntDefaultHandler
                0x000006ec       0x10 .\CortexM3\ARM_GCC_541\Debug\Cm3Start.o
                0x000006ec                IntDefaultHandler
 .text._sbrk    0x000006fc       0x30 .\CortexM3\ARM_GCC_541\Debug\Cm3Start.o
                0x000006fc                _sbrk
 .text.Start_c  0x0000072c       0x4c .\CortexM3\ARM_GCC_541\Debug\Cm3Start.o
                0x0000072c                Start_c
 .text.initialize_psoc
                0x00000778       0x68 .\CortexM3\ARM_GCC_541\Debug\Cm3Start.o
                0x00000778                initialize_psoc
 .text.UART_Debug_Init
                0x000007e0       0x24 .\CortexM3\ARM_GCC_541\Debug\AY1920_II_HW_05_PROJ_2.3.a(UART_Debug.o)
                0x000007e0                UART_Debug_Init
 .text.UART_Debug_Enable
                0x00000804       0x38 .\CortexM3\ARM_GCC_541\Debug\AY1920_II_HW_05_PROJ_2.3.a(UART_Debug.o)
                0x00000804                UART_Debug_Enable
 .text.UART_Debug_Start
                0x0000083c       0x1c .\CortexM3\ARM_GCC_541\Debug\AY1920_II_HW_05_PROJ_2.3.a(UART_Debug.o)
                0x0000083c                UART_Debug_Start
 .text.UART_Debug_PutChar
                0x00000858       0x18 .\CortexM3\ARM_GCC_541\Debug\AY1920_II_HW_05_PROJ_2.3.a(UART_Debug.o)
                0x00000858                UART_Debug_PutChar
 .text.UART_Debug_PutString
                0x00000870       0x24 .\CortexM3\ARM_GCC_541\Debug\AY1920_II_HW_05_PROJ_2.3.a(UART_Debug.o)
                0x00000870                UART_Debug_PutString
 .text.UART_Debug_PutArray
                0x00000894       0x28 .\CortexM3\ARM_GCC_541\Debug\AY1920_II_HW_05_PROJ_2.3.a(UART_Debug.o)
                0x00000894                UART_Debug_PutArray
 .text.I2C_Master_Init
                0x000008bc       0x68 .\CortexM3\ARM_GCC_541\Debug\AY1920_II_HW_05_PROJ_2.3.a(I2C_Master.o)
                0x000008bc                I2C_Master_Init
 .text.I2C_Master_Enable
                0x00000924       0x24 .\CortexM3\ARM_GCC_541\Debug\AY1920_II_HW_05_PROJ_2.3.a(I2C_Master.o)
                0x00000924                I2C_Master_Enable
 .text.I2C_Master_Start
                0x00000948       0x28 .\CortexM3\ARM_GCC_541\Debug\AY1920_II_HW_05_PROJ_2.3.a(I2C_Master.o)
                0x00000948                I2C_Master_Start
 .text.I2C_Master_ISR
                0x00000970      0x2d0 .\CortexM3\ARM_GCC_541\Debug\AY1920_II_HW_05_PROJ_2.3.a(I2C_Master_INT.o)
                0x00000970                I2C_Master_ISR
 .text.I2C_Master_MasterSendStart
                0x00000c40       0x80 .\CortexM3\ARM_GCC_541\Debug\AY1920_II_HW_05_PROJ_2.3.a(I2C_Master_MASTER.o)
                0x00000c40                I2C_Master_MasterSendStart
 .text.I2C_Master_MasterSendRestart
                0x00000cc0       0x6c .\CortexM3\ARM_GCC_541\Debug\AY1920_II_HW_05_PROJ_2.3.a(I2C_Master_MASTER.o)
                0x00000cc0                I2C_Master_MasterSendRestart
 .text.I2C_Master_MasterSendStop
                0x00000d2c       0x38 .\CortexM3\ARM_GCC_541\Debug\AY1920_II_HW_05_PROJ_2.3.a(I2C_Master_MASTER.o)
                0x00000d2c                I2C_Master_MasterSendStop
 .text.I2C_Master_MasterWriteByte
                0x00000d64       0x58 .\CortexM3\ARM_GCC_541\Debug\AY1920_II_HW_05_PROJ_2.3.a(I2C_Master_MASTER.o)
                0x00000d64                I2C_Master_MasterWriteByte
 .text.I2C_Master_MasterReadByte
                0x00000dbc       0x58 .\CortexM3\ARM_GCC_541\Debug\AY1920_II_HW_05_PROJ_2.3.a(I2C_Master_MASTER.o)
                0x00000dbc                I2C_Master_MasterReadByte
 .text.UART_Debug_IntClock_Start
                0x00000e14       0x1c .\CortexM3\ARM_GCC_541\Debug\AY1920_II_HW_05_PROJ_2.3.a(UART_Debug_IntClock.o)
                0x00000e14                UART_Debug_IntClock_Start
 .text.CyHalt   0x00000e30        0x4 .\CortexM3\ARM_GCC_541\Debug\AY1920_II_HW_05_PROJ_2.3.a(CyLib.o)
                0x00000e30                CyHalt
 .text.CyDelay  0x00000e34       0x2c .\CortexM3\ARM_GCC_541\Debug\AY1920_II_HW_05_PROJ_2.3.a(CyLib.o)
                0x00000e34                CyDelay
 .text.CyIntSetVector
                0x00000e60       0x28 .\CortexM3\ARM_GCC_541\Debug\AY1920_II_HW_05_PROJ_2.3.a(CyLib.o)
                0x00000e60                CyIntSetVector
 .text.CyIntSetPriority
                0x00000e88       0x30 .\CortexM3\ARM_GCC_541\Debug\AY1920_II_HW_05_PROJ_2.3.a(CyLib.o)
                0x00000e88                CyIntSetPriority
 .text.Timer_ACC_Enable
                0x00000eb8       0x28 .\CortexM3\ARM_GCC_541\Debug\AY1920_II_HW_05_PROJ_2.3.a(Timer_ACC.o)
                0x00000eb8                Timer_ACC_Enable
 .text.Timer_ACC_SetInterruptMode
                0x00000ee0        0xc .\CortexM3\ARM_GCC_541\Debug\AY1920_II_HW_05_PROJ_2.3.a(Timer_ACC.o)
                0x00000ee0                Timer_ACC_SetInterruptMode
 .text.Timer_ACC_ReadStatusRegister
                0x00000eec        0xc .\CortexM3\ARM_GCC_541\Debug\AY1920_II_HW_05_PROJ_2.3.a(Timer_ACC.o)
                0x00000eec                Timer_ACC_ReadStatusRegister
 .text.Timer_ACC_WritePeriod
                0x00000ef8        0xc .\CortexM3\ARM_GCC_541\Debug\AY1920_II_HW_05_PROJ_2.3.a(Timer_ACC.o)
                0x00000ef8                Timer_ACC_WritePeriod
 .text.Timer_ACC_WriteCounter
                0x00000f04        0xc .\CortexM3\ARM_GCC_541\Debug\AY1920_II_HW_05_PROJ_2.3.a(Timer_ACC.o)
                0x00000f04                Timer_ACC_WriteCounter
 .text.Timer_ACC_Init
                0x00000f10       0x64 .\CortexM3\ARM_GCC_541\Debug\AY1920_II_HW_05_PROJ_2.3.a(Timer_ACC.o)
                0x00000f10                Timer_ACC_Init
 .text.Timer_ACC_Start
                0x00000f74       0x1c .\CortexM3\ARM_GCC_541\Debug\AY1920_II_HW_05_PROJ_2.3.a(Timer_ACC.o)
                0x00000f74                Timer_ACC_Start
 .text.isr_READ_SetVector
                0x00000f90       0x10 .\CortexM3\ARM_GCC_541\Debug\AY1920_II_HW_05_PROJ_2.3.a(isr_READ.o)
                0x00000f90                isr_READ_SetVector
 .text.isr_READ_SetPriority
                0x00000fa0       0x10 .\CortexM3\ARM_GCC_541\Debug\AY1920_II_HW_05_PROJ_2.3.a(isr_READ.o)
                0x00000fa0                isr_READ_SetPriority
 .text.isr_READ_Enable
                0x00000fb0       0x10 .\CortexM3\ARM_GCC_541\Debug\AY1920_II_HW_05_PROJ_2.3.a(isr_READ.o)
                0x00000fb0                isr_READ_Enable
 .text.isr_READ_Disable
                0x00000fc0       0x10 .\CortexM3\ARM_GCC_541\Debug\AY1920_II_HW_05_PROJ_2.3.a(isr_READ.o)
                0x00000fc0                isr_READ_Disable
 .text.isr_READ_StartEx
                0x00000fd0       0x1c .\CortexM3\ARM_GCC_541\Debug\AY1920_II_HW_05_PROJ_2.3.a(isr_READ.o)
                0x00000fd0                isr_READ_StartEx
 *fill*         0x00000fec        0x4 
 .text          0x00000ff0       0x20 .\CortexM3\ARM_GCC_541\Debug\AY1920_II_HW_05_PROJ_2.3.a(CyBootAsmGnu.o)
                0x00000ff0                CyDelayCycles
                0x00001000                CyEnterCriticalSection
                0x00001008                CyExitCriticalSection
 .text          0x00001010      0x370 c:/program files (x86)/cypress/psoc creator/4.3/psoc creator/import/gnu/arm/5.4.1/bin/../lib/gcc/arm-none-eabi/5.4.1/armv7-m\libgcc.a(_arm_addsubdf3.o)
                0x00001010                __aeabi_drsub
                0x00001018                __aeabi_dsub
                0x00001018                __subdf3
                0x0000101c                __aeabi_dadd
                0x0000101c                __adddf3
                0x00001294                __floatunsidf
                0x00001294                __aeabi_ui2d
                0x000012b4                __floatsidf
                0x000012b4                __aeabi_i2d
                0x000012d8                __aeabi_f2d
                0x000012d8                __extendsfdf2
                0x00001314                __floatundidf
                0x00001314                __aeabi_ul2d
                0x00001324                __floatdidf
                0x00001324                __aeabi_l2d
 .text          0x00001380      0x424 c:/program files (x86)/cypress/psoc creator/4.3/psoc creator/import/gnu/arm/5.4.1/bin/../lib/gcc/arm-none-eabi/5.4.1/armv7-m\libgcc.a(_arm_muldivdf3.o)
                0x00001380                __aeabi_dmul
                0x00001380                __muldf3
                0x000015d4                __divdf3
                0x000015d4                __aeabi_ddiv
 .text          0x000017a4       0xa0 c:/program files (x86)/cypress/psoc creator/4.3/psoc creator/import/gnu/arm/5.4.1/bin/../lib/gcc/arm-none-eabi/5.4.1/armv7-m\libgcc.a(_arm_truncdfsf2.o)
                0x000017a4                __truncdfsf2
                0x000017a4                __aeabi_d2f
 .text          0x00001844      0x2a0 c:/program files (x86)/cypress/psoc creator/4.3/psoc creator/import/gnu/arm/5.4.1/bin/../lib/gcc/arm-none-eabi/5.4.1/armv7-m\libgcc.a(_arm_muldivsf3.o)
                0x00001844                __mulsf3
                0x00001844                __aeabi_fmul
                0x000019ac                __aeabi_fdiv
                0x000019ac                __divsf3
 .text          0x00001ae4       0x4c c:/program files (x86)/cypress/psoc creator/4.3/psoc creator/import/gnu/arm/5.4.1/bin/../lib/gcc/arm-none-eabi/5.4.1/armv7-m\libgcc.a(_arm_fixsfsi.o)
                0x00001ae4                __aeabi_f2iz
                0x00001ae4                __fixsfsi
 .text.__errno  0x00001b30        0xc c:/program files (x86)/cypress/psoc creator/4.3/psoc creator/import/gnu/arm/5.4.1/bin/../lib/gcc/arm-none-eabi/5.4.1/../../../../arm-none-eabi/lib/armv7-m\libg_nano.a(lib_a-errno.o)
                0x00001b30                __errno
 .text.__libc_init_array
                0x00001b3c       0x4c c:/program files (x86)/cypress/psoc creator/4.3/psoc creator/import/gnu/arm/5.4.1/bin/../lib/gcc/arm-none-eabi/5.4.1/../../../../arm-none-eabi/lib/armv7-m\libg_nano.a(lib_a-init.o)
                0x00001b3c                __libc_init_array
 .text.memcpy   0x00001b88       0x16 c:/program files (x86)/cypress/psoc creator/4.3/psoc creator/import/gnu/arm/5.4.1/bin/../lib/gcc/arm-none-eabi/5.4.1/../../../../arm-none-eabi/lib/armv7-m\libg_nano.a(lib_a-memcpy-stub.o)
                0x00001b88                memcpy
 .text.memset   0x00001b9e       0x10 c:/program files (x86)/cypress/psoc creator/4.3/psoc creator/import/gnu/arm/5.4.1/bin/../lib/gcc/arm-none-eabi/5.4.1/../../../../arm-none-eabi/lib/armv7-m\libg_nano.a(lib_a-memset.o)
                0x00001b9e                memset
 *fill*         0x00001bae        0x2 
 .text.sprintf  0x00001bb0       0x48 c:/program files (x86)/cypress/psoc creator/4.3/psoc creator/import/gnu/arm/5.4.1/bin/../lib/gcc/arm-none-eabi/5.4.1/../../../../arm-none-eabi/lib/armv7-m\libg_nano.a(lib_a-sprintf.o)
                0x00001bb0                siprintf
                0x00001bb0                sprintf
 .text.__ssputs_r
                0x00001bf8       0xb2 c:/program files (x86)/cypress/psoc creator/4.3/psoc creator/import/gnu/arm/5.4.1/bin/../lib/gcc/arm-none-eabi/5.4.1/../../../../arm-none-eabi/lib/armv7-m\libg_nano.a(lib_a-nano-svfprintf.o)
                0x00001bf8                __ssputs_r
 *fill*         0x00001caa        0x2 
 .text._svfprintf_r
                0x00001cac      0x1e8 c:/program files (x86)/cypress/psoc creator/4.3/psoc creator/import/gnu/arm/5.4.1/bin/../lib/gcc/arm-none-eabi/5.4.1/../../../../arm-none-eabi/lib/armv7-m\libg_nano.a(lib_a-nano-svfprintf.o)
                0x00001cac                _svfiprintf_r
                0x00001cac                _svfprintf_r
 .text._printf_common
                0x00001e94       0xec c:/program files (x86)/cypress/psoc creator/4.3/psoc creator/import/gnu/arm/5.4.1/bin/../lib/gcc/arm-none-eabi/5.4.1/../../../../arm-none-eabi/lib/armv7-m\libg_nano.a(lib_a-nano-vfprintf_i.o)
                0x00001e94                _printf_common
 .text._printf_i
                0x00001f80      0x24c c:/program files (x86)/cypress/psoc creator/4.3/psoc creator/import/gnu/arm/5.4.1/bin/../lib/gcc/arm-none-eabi/5.4.1/../../../../arm-none-eabi/lib/armv7-m\libg_nano.a(lib_a-nano-vfprintf_i.o)
                0x00001f80                _printf_i
 .text.memchr   0x000021cc       0x1c c:/program files (x86)/cypress/psoc creator/4.3/psoc creator/import/gnu/arm/5.4.1/bin/../lib/gcc/arm-none-eabi/5.4.1/../../../../arm-none-eabi/lib/armv7-m\libg_nano.a(lib_a-memchr-stub.o)
                0x000021cc                memchr
 .text.memmove  0x000021e8       0x36 c:/program files (x86)/cypress/psoc creator/4.3/psoc creator/import/gnu/arm/5.4.1/bin/../lib/gcc/arm-none-eabi/5.4.1/../../../../arm-none-eabi/lib/armv7-m\libg_nano.a(lib_a-memmove.o)
                0x000021e8                memmove
 *fill*         0x0000221e        0x2 
 .text._free_r  0x00002220       0x98 c:/program files (x86)/cypress/psoc creator/4.3/psoc creator/import/gnu/arm/5.4.1/bin/../lib/gcc/arm-none-eabi/5.4.1/../../../../arm-none-eabi/lib/armv7-m\libg_nano.a(lib_a-nano-freer.o)
                0x00002220                _free_r
 .text._malloc_r
                0x000022b8       0xbc c:/program files (x86)/cypress/psoc creator/4.3/psoc creator/import/gnu/arm/5.4.1/bin/../lib/gcc/arm-none-eabi/5.4.1/../../../../arm-none-eabi/lib/armv7-m\libg_nano.a(lib_a-nano-mallocr.o)
                0x000022b8                _malloc_r
 .text._realloc_r
                0x00002374       0x4c c:/program files (x86)/cypress/psoc creator/4.3/psoc creator/import/gnu/arm/5.4.1/bin/../lib/gcc/arm-none-eabi/5.4.1/../../../../arm-none-eabi/lib/armv7-m\libg_nano.a(lib_a-nano-reallocr.o)
                0x00002374                _realloc_r
 .text._sbrk_r  0x000023c0       0x20 c:/program files (x86)/cypress/psoc creator/4.3/psoc creator/import/gnu/arm/5.4.1/bin/../lib/gcc/arm-none-eabi/5.4.1/../../../../arm-none-eabi/lib/armv7-m\libg_nano.a(lib_a-sbrkr.o)
                0x000023c0                _sbrk_r
 .text.__malloc_lock
                0x000023e0        0x2 c:/program files (x86)/cypress/psoc creator/4.3/psoc creator/import/gnu/arm/5.4.1/bin/../lib/gcc/arm-none-eabi/5.4.1/../../../../arm-none-eabi/lib/armv7-m\libg_nano.a(lib_a-mlock.o)
                0x000023e0                __malloc_lock
 .text.__malloc_unlock
                0x000023e2        0x2 c:/program files (x86)/cypress/psoc creator/4.3/psoc creator/import/gnu/arm/5.4.1/bin/../lib/gcc/arm-none-eabi/5.4.1/../../../../arm-none-eabi/lib/armv7-m\libg_nano.a(lib_a-mlock.o)
                0x000023e2                __malloc_unlock
 .text._malloc_usable_size_r
                0x000023e4       0x14 c:/program files (x86)/cypress/psoc creator/4.3/psoc creator/import/gnu/arm/5.4.1/bin/../lib/gcc/arm-none-eabi/5.4.1/../../../../arm-none-eabi/lib/armv7-m\libg_nano.a(lib_a-nano-msizer.o)
                0x000023e4                _malloc_usable_size_r
 *(.plt)
 *(.gnu.warning)
 *(.glue_7t)
 .glue_7t       0x000023f8        0x0 linker stubs
 *(.glue_7)
 .glue_7        0x000023f8        0x0 linker stubs
 *(.vfp11_veneer)
 .vfp11_veneer  0x000023f8        0x0 linker stubs
 *(.bootloader)
 *(.ARM.extab* .gnu.linkonce.armextab.*)
 *(.gcc_except_table)

.v4_bx          0x000023f8        0x0
 .v4_bx         0x000023f8        0x0 linker stubs

.iplt           0x000023f8        0x0
 .iplt          0x000023f8        0x0 c:/program files (x86)/cypress/psoc creator/4.3/psoc creator/import/gnu/arm/5.4.1/bin/../lib/gcc/arm-none-eabi/5.4.1/armv7-m/crtbegin.o

.eh_frame_hdr
 *(.eh_frame_hdr)

.eh_frame       0x000023f8        0x4
 *(.eh_frame)
 .eh_frame      0x000023f8        0x0 c:/program files (x86)/cypress/psoc creator/4.3/psoc creator/import/gnu/arm/5.4.1/bin/../lib/gcc/arm-none-eabi/5.4.1/armv7-m/crtbegin.o
 .eh_frame      0x000023f8        0x4 c:/program files (x86)/cypress/psoc creator/4.3/psoc creator/import/gnu/arm/5.4.1/bin/../lib/gcc/arm-none-eabi/5.4.1/armv7-m/crtend.o
                [!provide]                PROVIDE (__exidx_start, .)

.ARM.exidx
 *(.ARM.exidx* .gnu.linkonce.armexidx.*)
                0x000023fc                __exidx_end = .

.rodata         0x000023fc      0x33c
 *(.rodata .rodata.* .gnu.linkonce.r.*)
 .rodata.str1.4
                0x000023fc      0x278 .\CortexM3\ARM_GCC_541\Debug\main.o
                                0x275 (size before relaxing)
 .rodata        0x00002674       0x58 .\CortexM3\ARM_GCC_541\Debug\cyfitter_cfg.o
 .rodata.str1.1
                0x000026cc        0x2 c:/program files (x86)/cypress/psoc creator/4.3/psoc creator/import/gnu/arm/5.4.1/bin/../lib/gcc/arm-none-eabi/5.4.1/../../../../arm-none-eabi/lib/armv7-m\libg_nano.a(lib_a-impure.o)
 .rodata.str1.1
                0x000026ce       0x11 c:/program files (x86)/cypress/psoc creator/4.3/psoc creator/import/gnu/arm/5.4.1/bin/../lib/gcc/arm-none-eabi/5.4.1/../../../../arm-none-eabi/lib/armv7-m\libg_nano.a(lib_a-nano-svfprintf.o)
 .rodata.str1.1
                0x000026df       0x22 c:/program files (x86)/cypress/psoc creator/4.3/psoc creator/import/gnu/arm/5.4.1/bin/../lib/gcc/arm-none-eabi/5.4.1/../../../../arm-none-eabi/lib/armv7-m\libg_nano.a(lib_a-nano-vfprintf_i.o)
                0x00002704                . = ALIGN (0x4)
 *fill*         0x00002701        0x3 
 *(.init)
 .init          0x00002704        0x4 c:/program files (x86)/cypress/psoc creator/4.3/psoc creator/import/gnu/arm/5.4.1/bin/../lib/gcc/arm-none-eabi/5.4.1/armv7-m/crti.o
                0x00002704                _init
 .init          0x00002708        0x8 c:/program files (x86)/cypress/psoc creator/4.3/psoc creator/import/gnu/arm/5.4.1/bin/../lib/gcc/arm-none-eabi/5.4.1/armv7-m/crtn.o
                0x00002710                . = ALIGN (0x4)
                0x00002710                __preinit_array_start = .
 *(.preinit_array)
                0x00002710                __preinit_array_end = .
                0x00002710                . = ALIGN (0x4)
                0x00002710                __init_array_start = .
 *(SORT(.init_array.*))
 *(.init_array)
 .init_array    0x00002710        0x4 c:/program files (x86)/cypress/psoc creator/4.3/psoc creator/import/gnu/arm/5.4.1/bin/../lib/gcc/arm-none-eabi/5.4.1/armv7-m/crtbegin.o
 .init_array    0x00002714        0x4 .\CortexM3\ARM_GCC_541\Debug\Cm3Start.o
                0x00002718                __init_array_end = .
                0x00002718                . = ALIGN (0x4)
 *(.fini)
 .fini          0x00002718        0x4 c:/program files (x86)/cypress/psoc creator/4.3/psoc creator/import/gnu/arm/5.4.1/bin/../lib/gcc/arm-none-eabi/5.4.1/armv7-m/crti.o
                0x00002718                _fini
 .fini          0x0000271c        0x8 c:/program files (x86)/cypress/psoc creator/4.3/psoc creator/import/gnu/arm/5.4.1/bin/../lib/gcc/arm-none-eabi/5.4.1/armv7-m/crtn.o
                0x00002724                . = ALIGN (0x4)
                0x00002724                __fini_array_start = .
 *(.fini_array)
 .fini_array    0x00002724        0x4 c:/program files (x86)/cypress/psoc creator/4.3/psoc creator/import/gnu/arm/5.4.1/bin/../lib/gcc/arm-none-eabi/5.4.1/armv7-m/crtbegin.o
 *(SORT(.fini_array.*))
                0x00002728                __fini_array_end = .
                0x00002728                . = ALIGN (0x4)
 *crtbegin.o(.ctors)
 *(EXCLUDE_FILE(*crtend.o) .ctors)
 *(SORT(.ctors.*))
 *crtend.o(.ctors)
                0x00002728                . = ALIGN (0x4)
 *crtbegin.o(.dtors)
 *(EXCLUDE_FILE(*crtend.o) .dtors)
 *(SORT(.dtors.*))
 *crtend.o(.dtors)
                0x00002728                . = ALIGN (0x4)
                0x00002728                __cy_regions = .
                0x00002728        0x4 LONG 0x2738 __cy_region_init_ram
                0x0000272c        0x4 LONG 0x1fff80c8 __cy_region_start_data
                0x00002730        0x4 LONG 0x80 __cy_region_init_size_ram
                0x00002734        0x4 LONG 0x48 __cy_region_zero_size_ram
                0x00002738                __cy_regions_end = .
                0x00002738                . = ALIGN (0x8)
                0x00002738                _etext = .

.cy_checksum_exclude
                0x00002738        0x0
 *(.cy_checksum_exclude)

.ramvectors     0x1fff8000       0xc0
                0x1fff8000                __cy_region_start_ram = .
 *(.ramvectors)
 .ramvectors    0x1fff8000       0xc0 .\CortexM3\ARM_GCC_541\Debug\Cm3Start.o
                0x1fff8000                CyRamVectors

.noinit         0x1fff80c0        0x1
 *(.noinit)
 .noinit        0x1fff80c0        0x1 .\CortexM3\ARM_GCC_541\Debug\AY1920_II_HW_05_PROJ_2.3.a(CyLib.o)
                0x1fff80c0                CyResetStatus

.data           0x1fff80c8       0x80 load address 0x00002738
                0x1fff80c8                __cy_region_start_data = .
 *(.jcr)
 .jcr           0x1fff80c8        0x0 c:/program files (x86)/cypress/psoc creator/4.3/psoc creator/import/gnu/arm/5.4.1/bin/../lib/gcc/arm-none-eabi/5.4.1/armv7-m/crtbegin.o
 .jcr           0x1fff80c8        0x4 c:/program files (x86)/cypress/psoc creator/4.3/psoc creator/import/gnu/arm/5.4.1/bin/../lib/gcc/arm-none-eabi/5.4.1/armv7-m/crtend.o
 *(.got.plt)
 *(.got)
 *(.shdata)
 *(.data .data.* .gnu.linkonce.d.*)
 .data          0x1fff80cc        0x4 .\CortexM3\ARM_GCC_541\Debug\Cm3Start.o
 .data          0x1fff80d0       0x10 .\CortexM3\ARM_GCC_541\Debug\AY1920_II_HW_05_PROJ_2.3.a(CyLib.o)
                0x1fff80d0                cydelay_32k_ms
                0x1fff80d4                cydelay_freq_khz
                0x1fff80d8                cydelay_freq_mhz
                0x1fff80dc                cydelay_freq_hz
 .data.impure_data
                0x1fff80e0       0x60 c:/program files (x86)/cypress/psoc creator/4.3/psoc creator/import/gnu/arm/5.4.1/bin/../lib/gcc/arm-none-eabi/5.4.1/../../../../arm-none-eabi/lib/armv7-m\libg_nano.a(lib_a-impure.o)
 .data._impure_ptr
                0x1fff8140        0x4 c:/program files (x86)/cypress/psoc creator/4.3/psoc creator/import/gnu/arm/5.4.1/bin/../lib/gcc/arm-none-eabi/5.4.1/../../../../arm-none-eabi/lib/armv7-m\libg_nano.a(lib_a-impure.o)
                0x1fff8140                _impure_ptr
                0x1fff8148                . = ALIGN (0x8)
 *fill*         0x1fff8144        0x4 
 *(.ram)
                0x1fff8148                _edata = .

.igot.plt       0x1fff8148        0x0 load address 0x000027b8
 .igot.plt      0x1fff8148        0x0 c:/program files (x86)/cypress/psoc creator/4.3/psoc creator/import/gnu/arm/5.4.1/bin/../lib/gcc/arm-none-eabi/5.4.1/armv7-m/crtbegin.o

.bss            0x1fff8148       0x48 load address 0x000027b8
                0x1fff8148                PROVIDE (__bss_start__, .)
 *(.shbss)
 *(.bss .bss.* .gnu.linkonce.b.*)
 .bss           0x1fff8148       0x1c c:/program files (x86)/cypress/psoc creator/4.3/psoc creator/import/gnu/arm/5.4.1/bin/../lib/gcc/arm-none-eabi/5.4.1/armv7-m/crtbegin.o
 .bss           0x1fff8164        0x4 .\CortexM3\ARM_GCC_541\Debug\InterruptRoutines.o
                0x1fff8164                FlagREAD
 .bss           0x1fff8168        0x2 .\CortexM3\ARM_GCC_541\Debug\AY1920_II_HW_05_PROJ_2.3.a(UART_Debug.o)
                0x1fff8168                UART_Debug_initVar
 .bss           0x1fff816a        0x1 .\CortexM3\ARM_GCC_541\Debug\AY1920_II_HW_05_PROJ_2.3.a(I2C_Master.o)
                0x1fff816a                I2C_Master_initVar
 .bss           0x1fff816b        0x1 .\CortexM3\ARM_GCC_541\Debug\AY1920_II_HW_05_PROJ_2.3.a(Timer_ACC.o)
                0x1fff816b                Timer_ACC_initVar
 .bss.__malloc_sbrk_start
                0x1fff816c        0x4 c:/program files (x86)/cypress/psoc creator/4.3/psoc creator/import/gnu/arm/5.4.1/bin/../lib/gcc/arm-none-eabi/5.4.1/../../../../arm-none-eabi/lib/armv7-m\libg_nano.a(lib_a-nano-mallocr.o)
                0x1fff816c                __malloc_sbrk_start
 .bss.__malloc_free_list
                0x1fff8170        0x4 c:/program files (x86)/cypress/psoc creator/4.3/psoc creator/import/gnu/arm/5.4.1/bin/../lib/gcc/arm-none-eabi/5.4.1/../../../../arm-none-eabi/lib/armv7-m\libg_nano.a(lib_a-nano-mallocr.o)
                0x1fff8170                __malloc_free_list
 *(COMMON)
 COMMON         0x1fff8174        0x1 .\CortexM3\ARM_GCC_541\Debug\AY1920_II_HW_05_PROJ_2.3.a(I2C_Master.o)
                0x1fff8174                I2C_Master_state
 *fill*         0x1fff8175        0x3 
 COMMON         0x1fff8178        0xf .\CortexM3\ARM_GCC_541\Debug\AY1920_II_HW_05_PROJ_2.3.a(I2C_Master_MASTER.o)
                0x1fff8178                I2C_Master_mstrRdBufIndex
                0x1fff8179                I2C_Master_mstrWrBufIndex
                0x1fff817a                I2C_Master_mstrWrBufSize
                0x1fff817c                I2C_Master_mstrWrBufPtr
                0x1fff8180                I2C_Master_mstrRdBufPtr
                0x1fff8184                I2C_Master_mstrControl
                0x1fff8185                I2C_Master_mstrStatus
                0x1fff8186                I2C_Master_mstrRdBufSize
 *fill*         0x1fff8187        0x1 
 COMMON         0x1fff8188        0x4 c:/program files (x86)/cypress/psoc creator/4.3/psoc creator/import/gnu/arm/5.4.1/bin/../lib/gcc/arm-none-eabi/5.4.1/../../../../arm-none-eabi/lib/armv7-m\libg_nano.a(lib_a-reent.o)
                0x1fff8188                errno
                0x1fff8190                . = ALIGN (0x8)
 *fill*         0x1fff818c        0x4 
 *(.ram.b)
                0x1fff8190                _end = .
                0x1fff8190                __end = .
                0x1fff8190                PROVIDE (end, .)
                0x1fff8190                PROVIDE (__bss_end__, .)
                0x00002738                __cy_region_init_ram = LOADADDR (.data)
                0x00000080                __cy_region_init_size_ram = (_edata - ADDR (.data))
                0x00000048                __cy_region_zero_size_ram = (_end - _edata)

.heap           0x1fff8190       0x80 load address 0x000027b8
                0x1fff8190                . = _end
                0x1fff8210                . = (. + 0x80)
 *fill*         0x1fff8190       0x80 
                0x1fff8210                __cy_heap_limit = .

.stack          0x20007800      0x800
                0x20007800                __cy_stack_limit = .
                0x20008000                . = (. + 0x800)
 *fill*         0x20007800      0x800 
                0x00000001                ASSERT ((__cy_stack_limit >= __cy_heap_limit), region RAM overflowed with stack)
                0x00000000                cy_checksum_exclude_size = (CY_APPL_LOADABLE == 0x1)?SIZEOF (.cy_checksum_exclude):0x0
                0x00000001                ASSERT ((cy_checksum_exclude_size <= CY_CHECKSUM_EXCLUDE_SIZE), CY_BOOT: Section .cy_checksum_exclude size exceedes specified limit.)

.cyloadermeta
 *(.cyloadermeta)

.cyloadablemeta
 *(.cyloadablemeta)

.cyconfigecc    0x80000000      0x360
 *(.cyconfigecc)
 .cyconfigecc   0x80000000      0x360 .\CortexM3\ARM_GCC_541\Debug\cymetadata.o
                0x80000000                cy_meta_configecc

.cycustnvl      0x90000000        0x4
 *(.cycustnvl)
 .cycustnvl     0x90000000        0x4 .\CortexM3\ARM_GCC_541\Debug\cymetadata.o
                0x90000000                cy_meta_custnvl

.cywolatch      0x90100000        0x4
 *(.cywolatch)
 .cywolatch     0x90100000        0x4 .\CortexM3\ARM_GCC_541\Debug\cymetadata.o
                0x90100000                cy_meta_wonvl

.cyeeprom       0x90200000        0x0
 *(.cyeeprom)
                0x00000001                ASSERT ((. <= ((0x90200000 + ee_offset) + ee_size)), .cyeeprom data will not fit in EEPROM)

.cyflashprotect
                0x90400000      0x100
 *(.cyflashprotect)
 .cyflashprotect
                0x90400000      0x100 .\CortexM3\ARM_GCC_541\Debug\cymetadata.o
                0x90400000                cy_meta_flashprotect

.cymeta         0x90500000        0xc
 *(.cymeta)
 .cymeta        0x90500000        0xc .\CortexM3\ARM_GCC_541\Debug\cymetadata.o
                0x90500000                cy_metadata

.rel.dyn        0x000027b8        0x0 load address 0x9050000c
 .rel.iplt      0x000027b8        0x0 c:/program files (x86)/cypress/psoc creator/4.3/psoc creator/import/gnu/arm/5.4.1/bin/../lib/gcc/arm-none-eabi/5.4.1/armv7-m/crtbegin.o

.stab
 *(.stab)

.stabstr
 *(.stabstr)

.debug
 *(.debug)

.line
 *(.line)

.debug_srcinfo
 *(.debug_srcinfo)

.debug_sfnames
 *(.debug_sfnames)

.debug_aranges  0x00000000      0x920
 *(.debug_aranges)
 .debug_aranges
                0x00000000       0x20 .\CortexM3\ARM_GCC_541\Debug\main.o
 .debug_aranges
                0x00000020       0x50 .\CortexM3\ARM_GCC_541\Debug\I2C_Interface.o
 .debug_aranges
                0x00000070       0x20 .\CortexM3\ARM_GCC_541\Debug\InterruptRoutines.o
 .debug_aranges
                0x00000090       0x58 .\CortexM3\ARM_GCC_541\Debug\cyfitter_cfg.o
 .debug_aranges
                0x000000e8       0x18 .\CortexM3\ARM_GCC_541\Debug\cymetadata.o
 .debug_aranges
                0x00000100       0x48 .\CortexM3\ARM_GCC_541\Debug\Cm3Start.o
 .debug_aranges
                0x00000148       0xf0 .\CortexM3\ARM_GCC_541\Debug\AY1920_II_HW_05_PROJ_2.3.a(UART_Debug.o)
 .debug_aranges
                0x00000238       0x38 .\CortexM3\ARM_GCC_541\Debug\AY1920_II_HW_05_PROJ_2.3.a(I2C_Master.o)
 .debug_aranges
                0x00000270       0x20 .\CortexM3\ARM_GCC_541\Debug\AY1920_II_HW_05_PROJ_2.3.a(I2C_Master_INT.o)
 .debug_aranges
                0x00000290       0x38 .\CortexM3\ARM_GCC_541\Debug\AY1920_II_HW_05_PROJ_2.3.a(I2C_Master_PM.o)
 .debug_aranges
                0x000002c8       0x80 .\CortexM3\ARM_GCC_541\Debug\AY1920_II_HW_05_PROJ_2.3.a(I2C_Master_MASTER.o)
 .debug_aranges
                0x00000348       0x70 .\CortexM3\ARM_GCC_541\Debug\AY1920_II_HW_05_PROJ_2.3.a(UART_Debug_IntClock.o)
 .debug_aranges
                0x000003b8      0x2a0 .\CortexM3\ARM_GCC_541\Debug\AY1920_II_HW_05_PROJ_2.3.a(CyLib.o)
 .debug_aranges
                0x00000658       0x98 .\CortexM3\ARM_GCC_541\Debug\AY1920_II_HW_05_PROJ_2.3.a(cyPm.o)
 .debug_aranges
                0x000006f0       0x88 .\CortexM3\ARM_GCC_541\Debug\AY1920_II_HW_05_PROJ_2.3.a(Timer_ACC.o)
 .debug_aranges
                0x00000778       0x80 .\CortexM3\ARM_GCC_541\Debug\AY1920_II_HW_05_PROJ_2.3.a(isr_READ.o)
 .debug_aranges
                0x000007f8       0x20 .\CortexM3\ARM_GCC_541\Debug\AY1920_II_HW_05_PROJ_2.3.a(CyBootAsmGnu.o)
 .debug_aranges
                0x00000818       0x88 .\CortexM3\ARM_GCC_541\Debug\AY1920_II_HW_05_PROJ_2.3.a(CyFlash.o)
 .debug_aranges
                0x000008a0       0x80 .\CortexM3\ARM_GCC_541\Debug\AY1920_II_HW_05_PROJ_2.3.a(CySpc.o)

.debug_pubnames
 *(.debug_pubnames)

.debug_info     0x00000000     0x5939
 *(.debug_info .gnu.linkonce.wi.*)
 .debug_info    0x00000000      0x6fa .\CortexM3\ARM_GCC_541\Debug\main.o
 .debug_info    0x000006fa      0x4c6 .\CortexM3\ARM_GCC_541\Debug\I2C_Interface.o
 .debug_info    0x00000bc0       0xf1 .\CortexM3\ARM_GCC_541\Debug\InterruptRoutines.o
 .debug_info    0x00000cb1      0x583 .\CortexM3\ARM_GCC_541\Debug\cyfitter_cfg.o
 .debug_info    0x00001234      0x135 .\CortexM3\ARM_GCC_541\Debug\cymetadata.o
 .debug_info    0x00001369      0x3bb .\CortexM3\ARM_GCC_541\Debug\Cm3Start.o
 .debug_info    0x00001724      0x60c .\CortexM3\ARM_GCC_541\Debug\AY1920_II_HW_05_PROJ_2.3.a(UART_Debug.o)
 .debug_info    0x00001d30      0x2ad .\CortexM3\ARM_GCC_541\Debug\AY1920_II_HW_05_PROJ_2.3.a(I2C_Master.o)
 .debug_info    0x00001fdd      0x184 .\CortexM3\ARM_GCC_541\Debug\AY1920_II_HW_05_PROJ_2.3.a(I2C_Master_INT.o)
 .debug_info    0x00002161      0x207 .\CortexM3\ARM_GCC_541\Debug\AY1920_II_HW_05_PROJ_2.3.a(I2C_Master_PM.o)
 .debug_info    0x00002368      0x407 .\CortexM3\ARM_GCC_541\Debug\AY1920_II_HW_05_PROJ_2.3.a(I2C_Master_MASTER.o)
 .debug_info    0x0000276f      0x283 .\CortexM3\ARM_GCC_541\Debug\AY1920_II_HW_05_PROJ_2.3.a(UART_Debug_IntClock.o)
 .debug_info    0x000029f2     0x1374 .\CortexM3\ARM_GCC_541\Debug\AY1920_II_HW_05_PROJ_2.3.a(CyLib.o)
 .debug_info    0x00003d66      0xa2a .\CortexM3\ARM_GCC_541\Debug\AY1920_II_HW_05_PROJ_2.3.a(cyPm.o)
 .debug_info    0x00004790      0x293 .\CortexM3\ARM_GCC_541\Debug\AY1920_II_HW_05_PROJ_2.3.a(Timer_ACC.o)
 .debug_info    0x00004a23      0x2d2 .\CortexM3\ARM_GCC_541\Debug\AY1920_II_HW_05_PROJ_2.3.a(isr_READ.o)
 .debug_info    0x00004cf5       0xa7 .\CortexM3\ARM_GCC_541\Debug\AY1920_II_HW_05_PROJ_2.3.a(CyBootAsmGnu.o)
 .debug_info    0x00004d9c      0x64d .\CortexM3\ARM_GCC_541\Debug\AY1920_II_HW_05_PROJ_2.3.a(CyFlash.o)
 .debug_info    0x000053e9      0x550 .\CortexM3\ARM_GCC_541\Debug\AY1920_II_HW_05_PROJ_2.3.a(CySpc.o)

.debug_abbrev   0x00000000     0x17a6
 *(.debug_abbrev)
 .debug_abbrev  0x00000000      0x13d .\CortexM3\ARM_GCC_541\Debug\main.o
 .debug_abbrev  0x0000013d       0xf5 .\CortexM3\ARM_GCC_541\Debug\I2C_Interface.o
 .debug_abbrev  0x00000232       0x96 .\CortexM3\ARM_GCC_541\Debug\InterruptRoutines.o
 .debug_abbrev  0x000002c8      0x20d .\CortexM3\ARM_GCC_541\Debug\cyfitter_cfg.o
 .debug_abbrev  0x000004d5       0x66 .\CortexM3\ARM_GCC_541\Debug\cymetadata.o
 .debug_abbrev  0x0000053b      0x1e8 .\CortexM3\ARM_GCC_541\Debug\Cm3Start.o
 .debug_abbrev  0x00000723      0x175 .\CortexM3\ARM_GCC_541\Debug\AY1920_II_HW_05_PROJ_2.3.a(UART_Debug.o)
 .debug_abbrev  0x00000898      0x10a .\CortexM3\ARM_GCC_541\Debug\AY1920_II_HW_05_PROJ_2.3.a(I2C_Master.o)
 .debug_abbrev  0x000009a2       0xb6 .\CortexM3\ARM_GCC_541\Debug\AY1920_II_HW_05_PROJ_2.3.a(I2C_Master_INT.o)
 .debug_abbrev  0x00000a58       0xfe .\CortexM3\ARM_GCC_541\Debug\AY1920_II_HW_05_PROJ_2.3.a(I2C_Master_PM.o)
 .debug_abbrev  0x00000b56      0x13c .\CortexM3\ARM_GCC_541\Debug\AY1920_II_HW_05_PROJ_2.3.a(I2C_Master_MASTER.o)
 .debug_abbrev  0x00000c92      0x139 .\CortexM3\ARM_GCC_541\Debug\AY1920_II_HW_05_PROJ_2.3.a(UART_Debug_IntClock.o)
 .debug_abbrev  0x00000dcb      0x254 .\CortexM3\ARM_GCC_541\Debug\AY1920_II_HW_05_PROJ_2.3.a(CyLib.o)
 .debug_abbrev  0x0000101f      0x1ab .\CortexM3\ARM_GCC_541\Debug\AY1920_II_HW_05_PROJ_2.3.a(cyPm.o)
 .debug_abbrev  0x000011ca      0x11a .\CortexM3\ARM_GCC_541\Debug\AY1920_II_HW_05_PROJ_2.3.a(Timer_ACC.o)
 .debug_abbrev  0x000012e4      0x173 .\CortexM3\ARM_GCC_541\Debug\AY1920_II_HW_05_PROJ_2.3.a(isr_READ.o)
 .debug_abbrev  0x00001457       0x14 .\CortexM3\ARM_GCC_541\Debug\AY1920_II_HW_05_PROJ_2.3.a(CyBootAsmGnu.o)
 .debug_abbrev  0x0000146b      0x1a7 .\CortexM3\ARM_GCC_541\Debug\AY1920_II_HW_05_PROJ_2.3.a(CyFlash.o)
 .debug_abbrev  0x00001612      0x194 .\CortexM3\ARM_GCC_541\Debug\AY1920_II_HW_05_PROJ_2.3.a(CySpc.o)

.debug_line     0x00000000     0x27b0
 *(.debug_line)
 .debug_line    0x00000000      0x2b1 .\CortexM3\ARM_GCC_541\Debug\main.o
 .debug_line    0x000002b1      0x209 .\CortexM3\ARM_GCC_541\Debug\I2C_Interface.o
 .debug_line    0x000004ba      0x176 .\CortexM3\ARM_GCC_541\Debug\InterruptRoutines.o
 .debug_line    0x00000630      0x1f4 .\CortexM3\ARM_GCC_541\Debug\cyfitter_cfg.o
 .debug_line    0x00000824      0x141 .\CortexM3\ARM_GCC_541\Debug\cymetadata.o
 .debug_line    0x00000965      0x234 .\CortexM3\ARM_GCC_541\Debug\Cm3Start.o
 .debug_line    0x00000b99      0x2c8 .\CortexM3\ARM_GCC_541\Debug\AY1920_II_HW_05_PROJ_2.3.a(UART_Debug.o)
 .debug_line    0x00000e61       0xee .\CortexM3\ARM_GCC_541\Debug\AY1920_II_HW_05_PROJ_2.3.a(I2C_Master.o)
 .debug_line    0x00000f4f      0x122 .\CortexM3\ARM_GCC_541\Debug\AY1920_II_HW_05_PROJ_2.3.a(I2C_Master_INT.o)
 .debug_line    0x00001071       0xc9 .\CortexM3\ARM_GCC_541\Debug\AY1920_II_HW_05_PROJ_2.3.a(I2C_Master_PM.o)
 .debug_line    0x0000113a      0x20b .\CortexM3\ARM_GCC_541\Debug\AY1920_II_HW_05_PROJ_2.3.a(I2C_Master_MASTER.o)
 .debug_line    0x00001345      0x182 .\CortexM3\ARM_GCC_541\Debug\AY1920_II_HW_05_PROJ_2.3.a(UART_Debug_IntClock.o)
 .debug_line    0x000014c7      0x816 .\CortexM3\ARM_GCC_541\Debug\AY1920_II_HW_05_PROJ_2.3.a(CyLib.o)
 .debug_line    0x00001cdd      0x367 .\CortexM3\ARM_GCC_541\Debug\AY1920_II_HW_05_PROJ_2.3.a(cyPm.o)
 .debug_line    0x00002044      0x157 .\CortexM3\ARM_GCC_541\Debug\AY1920_II_HW_05_PROJ_2.3.a(Timer_ACC.o)
 .debug_line    0x0000219b      0x135 .\CortexM3\ARM_GCC_541\Debug\AY1920_II_HW_05_PROJ_2.3.a(isr_READ.o)
 .debug_line    0x000022d0       0x66 .\CortexM3\ARM_GCC_541\Debug\AY1920_II_HW_05_PROJ_2.3.a(CyBootAsmGnu.o)
 .debug_line    0x00002336      0x21a .\CortexM3\ARM_GCC_541\Debug\AY1920_II_HW_05_PROJ_2.3.a(CyFlash.o)
 .debug_line    0x00002550      0x260 .\CortexM3\ARM_GCC_541\Debug\AY1920_II_HW_05_PROJ_2.3.a(CySpc.o)

.debug_frame    0x00000000     0x1ac4
 *(.debug_frame)
 .debug_frame   0x00000000       0x2c .\CortexM3\ARM_GCC_541\Debug\main.o
 .debug_frame   0x0000002c       0xfc .\CortexM3\ARM_GCC_541\Debug\I2C_Interface.o
 .debug_frame   0x00000128       0x2c .\CortexM3\ARM_GCC_541\Debug\InterruptRoutines.o
 .debug_frame   0x00000154       0xe4 .\CortexM3\ARM_GCC_541\Debug\cyfitter_cfg.o
 .debug_frame   0x00000238       0xb8 .\CortexM3\ARM_GCC_541\Debug\Cm3Start.o
 .debug_frame   0x000002f0      0x250 .\CortexM3\ARM_GCC_541\Debug\AY1920_II_HW_05_PROJ_2.3.a(UART_Debug.o)
 .debug_frame   0x00000540       0x94 .\CortexM3\ARM_GCC_541\Debug\AY1920_II_HW_05_PROJ_2.3.a(I2C_Master.o)
 .debug_frame   0x000005d4       0x30 .\CortexM3\ARM_GCC_541\Debug\AY1920_II_HW_05_PROJ_2.3.a(I2C_Master_INT.o)
 .debug_frame   0x00000604       0x74 .\CortexM3\ARM_GCC_541\Debug\AY1920_II_HW_05_PROJ_2.3.a(I2C_Master_PM.o)
 .debug_frame   0x00000678      0x138 .\CortexM3\ARM_GCC_541\Debug\AY1920_II_HW_05_PROJ_2.3.a(I2C_Master_MASTER.o)
 .debug_frame   0x000007b0       0xe0 .\CortexM3\ARM_GCC_541\Debug\AY1920_II_HW_05_PROJ_2.3.a(UART_Debug_IntClock.o)
 .debug_frame   0x00000890      0x738 .\CortexM3\ARM_GCC_541\Debug\AY1920_II_HW_05_PROJ_2.3.a(CyLib.o)
 .debug_frame   0x00000fc8      0x1f8 .\CortexM3\ARM_GCC_541\Debug\AY1920_II_HW_05_PROJ_2.3.a(cyPm.o)
 .debug_frame   0x000011c0      0x108 .\CortexM3\ARM_GCC_541\Debug\AY1920_II_HW_05_PROJ_2.3.a(Timer_ACC.o)
 .debug_frame   0x000012c8      0x104 .\CortexM3\ARM_GCC_541\Debug\AY1920_II_HW_05_PROJ_2.3.a(isr_READ.o)
 .debug_frame   0x000013cc      0x194 .\CortexM3\ARM_GCC_541\Debug\AY1920_II_HW_05_PROJ_2.3.a(CyFlash.o)
 .debug_frame   0x00001560      0x180 .\CortexM3\ARM_GCC_541\Debug\AY1920_II_HW_05_PROJ_2.3.a(CySpc.o)
 .debug_frame   0x000016e0       0x20 c:/program files (x86)/cypress/psoc creator/4.3/psoc creator/import/gnu/arm/5.4.1/bin/../lib/gcc/arm-none-eabi/5.4.1/../../../../arm-none-eabi/lib/armv7-m\libg_nano.a(lib_a-errno.o)
 .debug_frame   0x00001700       0x28 c:/program files (x86)/cypress/psoc creator/4.3/psoc creator/import/gnu/arm/5.4.1/bin/../lib/gcc/arm-none-eabi/5.4.1/../../../../arm-none-eabi/lib/armv7-m\libg_nano.a(lib_a-exit.o)
 .debug_frame   0x00001728       0x2c c:/program files (x86)/cypress/psoc creator/4.3/psoc creator/import/gnu/arm/5.4.1/bin/../lib/gcc/arm-none-eabi/5.4.1/../../../../arm-none-eabi/lib/armv7-m\libg_nano.a(lib_a-init.o)
 .debug_frame   0x00001754       0x28 c:/program files (x86)/cypress/psoc creator/4.3/psoc creator/import/gnu/arm/5.4.1/bin/../lib/gcc/arm-none-eabi/5.4.1/../../../../arm-none-eabi/lib/armv7-m\libg_nano.a(lib_a-memcpy-stub.o)
 .debug_frame   0x0000177c       0x20 c:/program files (x86)/cypress/psoc creator/4.3/psoc creator/import/gnu/arm/5.4.1/bin/../lib/gcc/arm-none-eabi/5.4.1/../../../../arm-none-eabi/lib/armv7-m\libg_nano.a(lib_a-memset.o)
 .debug_frame   0x0000179c       0x70 c:/program files (x86)/cypress/psoc creator/4.3/psoc creator/import/gnu/arm/5.4.1/bin/../lib/gcc/arm-none-eabi/5.4.1/../../../../arm-none-eabi/lib/armv7-m\libg_nano.a(lib_a-sprintf.o)
 .debug_frame   0x0000180c       0x90 c:/program files (x86)/cypress/psoc creator/4.3/psoc creator/import/gnu/arm/5.4.1/bin/../lib/gcc/arm-none-eabi/5.4.1/../../../../arm-none-eabi/lib/armv7-m\libg_nano.a(lib_a-nano-svfprintf.o)
 .debug_frame   0x0000189c       0x60 c:/program files (x86)/cypress/psoc creator/4.3/psoc creator/import/gnu/arm/5.4.1/bin/../lib/gcc/arm-none-eabi/5.4.1/../../../../arm-none-eabi/lib/armv7-m\libg_nano.a(lib_a-nano-vfprintf_i.o)
 .debug_frame   0x000018fc       0x28 c:/program files (x86)/cypress/psoc creator/4.3/psoc creator/import/gnu/arm/5.4.1/bin/../lib/gcc/arm-none-eabi/5.4.1/../../../../arm-none-eabi/lib/armv7-m\libg_nano.a(lib_a-memchr-stub.o)
 .debug_frame   0x00001924       0x28 c:/program files (x86)/cypress/psoc creator/4.3/psoc creator/import/gnu/arm/5.4.1/bin/../lib/gcc/arm-none-eabi/5.4.1/../../../../arm-none-eabi/lib/armv7-m\libg_nano.a(lib_a-memmove.o)
 .debug_frame   0x0000194c       0x38 c:/program files (x86)/cypress/psoc creator/4.3/psoc creator/import/gnu/arm/5.4.1/bin/../lib/gcc/arm-none-eabi/5.4.1/../../../../arm-none-eabi/lib/armv7-m\libg_nano.a(lib_a-nano-freer.o)
 .debug_frame   0x00001984       0x2c c:/program files (x86)/cypress/psoc creator/4.3/psoc creator/import/gnu/arm/5.4.1/bin/../lib/gcc/arm-none-eabi/5.4.1/../../../../arm-none-eabi/lib/armv7-m\libg_nano.a(lib_a-nano-mallocr.o)
 .debug_frame   0x000019b0       0x3c c:/program files (x86)/cypress/psoc creator/4.3/psoc creator/import/gnu/arm/5.4.1/bin/../lib/gcc/arm-none-eabi/5.4.1/../../../../arm-none-eabi/lib/armv7-m\libg_nano.a(lib_a-nano-reallocr.o)
 .debug_frame   0x000019ec       0x2c c:/program files (x86)/cypress/psoc creator/4.3/psoc creator/import/gnu/arm/5.4.1/bin/../lib/gcc/arm-none-eabi/5.4.1/../../../../arm-none-eabi/lib/armv7-m\libg_nano.a(lib_a-sbrkr.o)
 .debug_frame   0x00001a18       0x30 c:/program files (x86)/cypress/psoc creator/4.3/psoc creator/import/gnu/arm/5.4.1/bin/../lib/gcc/arm-none-eabi/5.4.1/../../../../arm-none-eabi/lib/armv7-m\libg_nano.a(lib_a-mlock.o)
 .debug_frame   0x00001a48       0x20 c:/program files (x86)/cypress/psoc creator/4.3/psoc creator/import/gnu/arm/5.4.1/bin/../lib/gcc/arm-none-eabi/5.4.1/../../../../arm-none-eabi/lib/armv7-m\libg_nano.a(lib_a-nano-msizer.o)
 .debug_frame   0x00001a68       0x5c c:/program files (x86)/cypress/psoc creator/4.3/psoc creator/import/gnu/arm/5.4.1/bin/../lib/gcc/arm-none-eabi/5.4.1/../../../../arm-none-eabi/lib/armv7-m\libg_nano.a(lib_a-reent.o)

.debug_str      0x00000000     0x210e
 *(.debug_str)
 .debug_str     0x00000000      0x34c .\CortexM3\ARM_GCC_541\Debug\main.o
                                0x3b6 (size before relaxing)
 .debug_str     0x0000034c      0x125 .\CortexM3\ARM_GCC_541\Debug\I2C_Interface.o
                                0x37d (size before relaxing)
 .debug_str     0x00000471       0x41 .\CortexM3\ARM_GCC_541\Debug\InterruptRoutines.o
                                0x1fb (size before relaxing)
 .debug_str     0x000004b2      0x1b6 .\CortexM3\ARM_GCC_541\Debug\cyfitter_cfg.o
                                0x35b (size before relaxing)
 .debug_str     0x00000668       0x75 .\CortexM3\ARM_GCC_541\Debug\cymetadata.o
                                0x1fb (size before relaxing)
 .debug_str     0x000006dd      0x144 .\CortexM3\ARM_GCC_541\Debug\Cm3Start.o
                                0x321 (size before relaxing)
 .debug_str     0x00000821      0x354 .\CortexM3\ARM_GCC_541\Debug\AY1920_II_HW_05_PROJ_2.3.a(UART_Debug.o)
                                0x546 (size before relaxing)
 .debug_str     0x00000b75      0x13f .\CortexM3\ARM_GCC_541\Debug\AY1920_II_HW_05_PROJ_2.3.a(I2C_Master.o)
                                0x34c (size before relaxing)
 .debug_str     0x00000cb4       0xb7 .\CortexM3\ARM_GCC_541\Debug\AY1920_II_HW_05_PROJ_2.3.a(I2C_Master_INT.o)
                                0x2c3 (size before relaxing)
 .debug_str     0x00000d6b       0x79 .\CortexM3\ARM_GCC_541\Debug\AY1920_II_HW_05_PROJ_2.3.a(I2C_Master_PM.o)
                                0x2d3 (size before relaxing)
 .debug_str     0x00000de4      0x150 .\CortexM3\ARM_GCC_541\Debug\AY1920_II_HW_05_PROJ_2.3.a(I2C_Master_MASTER.o)
                                0x45c (size before relaxing)
 .debug_str     0x00000f34      0x1bf .\CortexM3\ARM_GCC_541\Debug\AY1920_II_HW_05_PROJ_2.3.a(UART_Debug_IntClock.o)
                                0x395 (size before relaxing)
 .debug_str     0x000010f3      0x7eb .\CortexM3\ARM_GCC_541\Debug\AY1920_II_HW_05_PROJ_2.3.a(CyLib.o)
                                0xa5e (size before relaxing)
 .debug_str     0x000018de      0x365 .\CortexM3\ARM_GCC_541\Debug\AY1920_II_HW_05_PROJ_2.3.a(cyPm.o)
                                0x74a (size before relaxing)
 .debug_str     0x00001c43      0x165 .\CortexM3\ARM_GCC_541\Debug\AY1920_II_HW_05_PROJ_2.3.a(Timer_ACC.o)
                                0x34c (size before relaxing)
 .debug_str     0x00001da8       0xff .\CortexM3\ARM_GCC_541\Debug\AY1920_II_HW_05_PROJ_2.3.a(isr_READ.o)
                                0x2e7 (size before relaxing)
 .debug_str     0x00001ea7      0x1bb .\CortexM3\ARM_GCC_541\Debug\AY1920_II_HW_05_PROJ_2.3.a(CyFlash.o)
                                0x3d7 (size before relaxing)
 .debug_str     0x00002062       0xac .\CortexM3\ARM_GCC_541\Debug\AY1920_II_HW_05_PROJ_2.3.a(CySpc.o)
                                0x34f (size before relaxing)

.debug_loc      0x00000000     0x28f8
 *(.debug_loc)
 .debug_loc     0x00000000      0x1d9 .\CortexM3\ARM_GCC_541\Debug\main.o
 .debug_loc     0x000001d9      0x328 .\CortexM3\ARM_GCC_541\Debug\I2C_Interface.o
 .debug_loc     0x00000501      0x289 .\CortexM3\ARM_GCC_541\Debug\cyfitter_cfg.o
 .debug_loc     0x0000078a      0x144 .\CortexM3\ARM_GCC_541\Debug\Cm3Start.o
 .debug_loc     0x000008ce      0x258 .\CortexM3\ARM_GCC_541\Debug\AY1920_II_HW_05_PROJ_2.3.a(UART_Debug.o)
 .debug_loc     0x00000b26       0x39 .\CortexM3\ARM_GCC_541\Debug\AY1920_II_HW_05_PROJ_2.3.a(I2C_Master.o)
 .debug_loc     0x00000b5f       0x29 .\CortexM3\ARM_GCC_541\Debug\AY1920_II_HW_05_PROJ_2.3.a(I2C_Master_INT.o)
 .debug_loc     0x00000b88       0x13 .\CortexM3\ARM_GCC_541\Debug\AY1920_II_HW_05_PROJ_2.3.a(I2C_Master_PM.o)
 .debug_loc     0x00000b9b      0x52f .\CortexM3\ARM_GCC_541\Debug\AY1920_II_HW_05_PROJ_2.3.a(I2C_Master_MASTER.o)
 .debug_loc     0x000010ca      0x12c .\CortexM3\ARM_GCC_541\Debug\AY1920_II_HW_05_PROJ_2.3.a(UART_Debug_IntClock.o)
 .debug_loc     0x000011f6      0xa11 .\CortexM3\ARM_GCC_541\Debug\AY1920_II_HW_05_PROJ_2.3.a(CyLib.o)
 .debug_loc     0x00001c07      0x1e4 .\CortexM3\ARM_GCC_541\Debug\AY1920_II_HW_05_PROJ_2.3.a(cyPm.o)
 .debug_loc     0x00001deb       0x56 .\CortexM3\ARM_GCC_541\Debug\AY1920_II_HW_05_PROJ_2.3.a(isr_READ.o)
 .debug_loc     0x00001e41      0x3b2 .\CortexM3\ARM_GCC_541\Debug\AY1920_II_HW_05_PROJ_2.3.a(CyFlash.o)
 .debug_loc     0x000021f3      0x705 .\CortexM3\ARM_GCC_541\Debug\AY1920_II_HW_05_PROJ_2.3.a(CySpc.o)

.debug_macinfo
 *(.debug_macinfo)

.debug_ranges   0x00000000      0x7f0
 *(.debug_ranges)
 .debug_ranges  0x00000000       0x10 .\CortexM3\ARM_GCC_541\Debug\main.o
 .debug_ranges  0x00000010       0x58 .\CortexM3\ARM_GCC_541\Debug\I2C_Interface.o
 .debug_ranges  0x00000068       0x10 .\CortexM3\ARM_GCC_541\Debug\InterruptRoutines.o
 .debug_ranges  0x00000078       0x48 .\CortexM3\ARM_GCC_541\Debug\cyfitter_cfg.o
 .debug_ranges  0x000000c0       0x38 .\CortexM3\ARM_GCC_541\Debug\Cm3Start.o
 .debug_ranges  0x000000f8       0xe0 .\CortexM3\ARM_GCC_541\Debug\AY1920_II_HW_05_PROJ_2.3.a(UART_Debug.o)
 .debug_ranges  0x000001d8       0x28 .\CortexM3\ARM_GCC_541\Debug\AY1920_II_HW_05_PROJ_2.3.a(I2C_Master.o)
 .debug_ranges  0x00000200       0x10 .\CortexM3\ARM_GCC_541\Debug\AY1920_II_HW_05_PROJ_2.3.a(I2C_Master_INT.o)
 .debug_ranges  0x00000210       0x28 .\CortexM3\ARM_GCC_541\Debug\AY1920_II_HW_05_PROJ_2.3.a(I2C_Master_PM.o)
 .debug_ranges  0x00000238       0x70 .\CortexM3\ARM_GCC_541\Debug\AY1920_II_HW_05_PROJ_2.3.a(I2C_Master_MASTER.o)
 .debug_ranges  0x000002a8       0x60 .\CortexM3\ARM_GCC_541\Debug\AY1920_II_HW_05_PROJ_2.3.a(UART_Debug_IntClock.o)
 .debug_ranges  0x00000308      0x290 .\CortexM3\ARM_GCC_541\Debug\AY1920_II_HW_05_PROJ_2.3.a(CyLib.o)
 .debug_ranges  0x00000598       0x88 .\CortexM3\ARM_GCC_541\Debug\AY1920_II_HW_05_PROJ_2.3.a(cyPm.o)
 .debug_ranges  0x00000620       0x78 .\CortexM3\ARM_GCC_541\Debug\AY1920_II_HW_05_PROJ_2.3.a(Timer_ACC.o)
 .debug_ranges  0x00000698       0x70 .\CortexM3\ARM_GCC_541\Debug\AY1920_II_HW_05_PROJ_2.3.a(isr_READ.o)
 .debug_ranges  0x00000708       0x78 .\CortexM3\ARM_GCC_541\Debug\AY1920_II_HW_05_PROJ_2.3.a(CyFlash.o)
 .debug_ranges  0x00000780       0x70 .\CortexM3\ARM_GCC_541\Debug\AY1920_II_HW_05_PROJ_2.3.a(CySpc.o)

.comment        0x00000000       0x6e
 .comment       0x00000000       0x6e .\CortexM3\ARM_GCC_541\Debug\main.o
                                 0x6f (size before relaxing)
 .comment       0x0000006e       0x6f .\CortexM3\ARM_GCC_541\Debug\I2C_Interface.o
 .comment       0x0000006e       0x6f .\CortexM3\ARM_GCC_541\Debug\InterruptRoutines.o
 .comment       0x0000006e       0x6f .\CortexM3\ARM_GCC_541\Debug\cyfitter_cfg.o
 .comment       0x0000006e       0x6f .\CortexM3\ARM_GCC_541\Debug\cymetadata.o
 .comment       0x0000006e       0x6f .\CortexM3\ARM_GCC_541\Debug\Cm3Start.o
 .comment       0x0000006e       0x6f .\CortexM3\ARM_GCC_541\Debug\AY1920_II_HW_05_PROJ_2.3.a(UART_Debug.o)
 .comment       0x0000006e       0x6f .\CortexM3\ARM_GCC_541\Debug\AY1920_II_HW_05_PROJ_2.3.a(I2C_Master.o)
 .comment       0x0000006e       0x6f .\CortexM3\ARM_GCC_541\Debug\AY1920_II_HW_05_PROJ_2.3.a(I2C_Master_INT.o)
 .comment       0x0000006e       0x6f .\CortexM3\ARM_GCC_541\Debug\AY1920_II_HW_05_PROJ_2.3.a(I2C_Master_PM.o)
 .comment       0x0000006e       0x6f .\CortexM3\ARM_GCC_541\Debug\AY1920_II_HW_05_PROJ_2.3.a(I2C_Master_MASTER.o)
 .comment       0x0000006e       0x6f .\CortexM3\ARM_GCC_541\Debug\AY1920_II_HW_05_PROJ_2.3.a(UART_Debug_IntClock.o)
 .comment       0x0000006e       0x6f .\CortexM3\ARM_GCC_541\Debug\AY1920_II_HW_05_PROJ_2.3.a(CyLib.o)
 .comment       0x0000006e       0x6f .\CortexM3\ARM_GCC_541\Debug\AY1920_II_HW_05_PROJ_2.3.a(cyPm.o)
 .comment       0x0000006e       0x6f .\CortexM3\ARM_GCC_541\Debug\AY1920_II_HW_05_PROJ_2.3.a(Timer_ACC.o)
 .comment       0x0000006e       0x6f .\CortexM3\ARM_GCC_541\Debug\AY1920_II_HW_05_PROJ_2.3.a(isr_READ.o)
 .comment       0x0000006e       0x6f .\CortexM3\ARM_GCC_541\Debug\AY1920_II_HW_05_PROJ_2.3.a(CyFlash.o)
 .comment       0x0000006e       0x6f .\CortexM3\ARM_GCC_541\Debug\AY1920_II_HW_05_PROJ_2.3.a(CySpc.o)

.debug_weaknames
 *(.debug_weaknames)

.debug_funcnames
 *(.debug_funcnames)

.debug_typenames
 *(.debug_typenames)

.debug_varnames
 *(.debug_varnames)

.note.gnu.arm.ident
 *(.note.gnu.arm.ident)

.ARM.attributes
                0x00000000       0x29
 *(.ARM.attributes)
 .ARM.attributes
                0x00000000       0x1d c:/program files (x86)/cypress/psoc creator/4.3/psoc creator/import/gnu/arm/5.4.1/bin/../lib/gcc/arm-none-eabi/5.4.1/armv7-m/crti.o
 .ARM.attributes
                0x0000001d       0x2d c:/program files (x86)/cypress/psoc creator/4.3/psoc creator/import/gnu/arm/5.4.1/bin/../lib/gcc/arm-none-eabi/5.4.1/armv7-m/crtbegin.o
 .ARM.attributes
                0x0000004a       0x1b c:/program files (x86)/cypress/psoc creator/4.3/psoc creator/import/gnu/arm/5.4.1/bin/../lib/gcc/arm-none-eabi/5.4.1/../../../../arm-none-eabi/lib/armv7-m/crt0.o
 .ARM.attributes
                0x00000065       0x33 .\CortexM3\ARM_GCC_541\Debug\main.o
 .ARM.attributes
                0x00000098       0x33 .\CortexM3\ARM_GCC_541\Debug\I2C_Interface.o
 .ARM.attributes
                0x000000cb       0x33 .\CortexM3\ARM_GCC_541\Debug\InterruptRoutines.o
 .ARM.attributes
                0x000000fe       0x33 .\CortexM3\ARM_GCC_541\Debug\cyfitter_cfg.o
 .ARM.attributes
                0x00000131       0x33 .\CortexM3\ARM_GCC_541\Debug\cymetadata.o
 .ARM.attributes
                0x00000164       0x33 .\CortexM3\ARM_GCC_541\Debug\Cm3Start.o
 .ARM.attributes
                0x00000197       0x33 .\CortexM3\ARM_GCC_541\Debug\AY1920_II_HW_05_PROJ_2.3.a(UART_Debug.o)
 .ARM.attributes
                0x000001ca       0x33 .\CortexM3\ARM_GCC_541\Debug\AY1920_II_HW_05_PROJ_2.3.a(I2C_Master.o)
 .ARM.attributes
                0x000001fd       0x33 .\CortexM3\ARM_GCC_541\Debug\AY1920_II_HW_05_PROJ_2.3.a(I2C_Master_INT.o)
 .ARM.attributes
                0x00000230       0x33 .\CortexM3\ARM_GCC_541\Debug\AY1920_II_HW_05_PROJ_2.3.a(I2C_Master_PM.o)
 .ARM.attributes
                0x00000263       0x33 .\CortexM3\ARM_GCC_541\Debug\AY1920_II_HW_05_PROJ_2.3.a(I2C_Master_MASTER.o)
 .ARM.attributes
                0x00000296       0x33 .\CortexM3\ARM_GCC_541\Debug\AY1920_II_HW_05_PROJ_2.3.a(UART_Debug_IntClock.o)
 .ARM.attributes
                0x000002c9       0x33 .\CortexM3\ARM_GCC_541\Debug\AY1920_II_HW_05_PROJ_2.3.a(CyLib.o)
 .ARM.attributes
                0x000002fc       0x33 .\CortexM3\ARM_GCC_541\Debug\AY1920_II_HW_05_PROJ_2.3.a(cyPm.o)
 .ARM.attributes
                0x0000032f       0x33 .\CortexM3\ARM_GCC_541\Debug\AY1920_II_HW_05_PROJ_2.3.a(Timer_ACC.o)
 .ARM.attributes
                0x00000362       0x33 .\CortexM3\ARM_GCC_541\Debug\AY1920_II_HW_05_PROJ_2.3.a(isr_READ.o)
 .ARM.attributes
                0x00000395       0x21 .\CortexM3\ARM_GCC_541\Debug\AY1920_II_HW_05_PROJ_2.3.a(CyBootAsmGnu.o)
 .ARM.attributes
                0x000003b6       0x33 .\CortexM3\ARM_GCC_541\Debug\AY1920_II_HW_05_PROJ_2.3.a(CyFlash.o)
 .ARM.attributes
                0x000003e9       0x33 .\CortexM3\ARM_GCC_541\Debug\AY1920_II_HW_05_PROJ_2.3.a(CySpc.o)
 .ARM.attributes
                0x0000041c       0x1d c:/program files (x86)/cypress/psoc creator/4.3/psoc creator/import/gnu/arm/5.4.1/bin/../lib/gcc/arm-none-eabi/5.4.1/armv7-m\libgcc.a(_arm_addsubdf3.o)
 .ARM.attributes
                0x00000439       0x1d c:/program files (x86)/cypress/psoc creator/4.3/psoc creator/import/gnu/arm/5.4.1/bin/../lib/gcc/arm-none-eabi/5.4.1/armv7-m\libgcc.a(_arm_muldivdf3.o)
 .ARM.attributes
                0x00000456       0x1d c:/program files (x86)/cypress/psoc creator/4.3/psoc creator/import/gnu/arm/5.4.1/bin/../lib/gcc/arm-none-eabi/5.4.1/armv7-m\libgcc.a(_arm_truncdfsf2.o)
 .ARM.attributes
                0x00000473       0x1d c:/program files (x86)/cypress/psoc creator/4.3/psoc creator/import/gnu/arm/5.4.1/bin/../lib/gcc/arm-none-eabi/5.4.1/armv7-m\libgcc.a(_arm_muldivsf3.o)
 .ARM.attributes
                0x00000490       0x1d c:/program files (x86)/cypress/psoc creator/4.3/psoc creator/import/gnu/arm/5.4.1/bin/../lib/gcc/arm-none-eabi/5.4.1/armv7-m\libgcc.a(_arm_fixsfsi.o)
 .ARM.attributes
                0x000004ad       0x2d c:/program files (x86)/cypress/psoc creator/4.3/psoc creator/import/gnu/arm/5.4.1/bin/../lib/gcc/arm-none-eabi/5.4.1/../../../../arm-none-eabi/lib/armv7-m\libg_nano.a(lib_a-errno.o)
 .ARM.attributes
                0x000004da       0x2d c:/program files (x86)/cypress/psoc creator/4.3/psoc creator/import/gnu/arm/5.4.1/bin/../lib/gcc/arm-none-eabi/5.4.1/../../../../arm-none-eabi/lib/armv7-m\libg_nano.a(lib_a-exit.o)
 .ARM.attributes
                0x00000507       0x2d c:/program files (x86)/cypress/psoc creator/4.3/psoc creator/import/gnu/arm/5.4.1/bin/../lib/gcc/arm-none-eabi/5.4.1/../../../../arm-none-eabi/lib/armv7-m\libg_nano.a(lib_a-impure.o)
 .ARM.attributes
                0x00000534       0x2d c:/program files (x86)/cypress/psoc creator/4.3/psoc creator/import/gnu/arm/5.4.1/bin/../lib/gcc/arm-none-eabi/5.4.1/../../../../arm-none-eabi/lib/armv7-m\libg_nano.a(lib_a-init.o)
 .ARM.attributes
                0x00000561       0x2d c:/program files (x86)/cypress/psoc creator/4.3/psoc creator/import/gnu/arm/5.4.1/bin/../lib/gcc/arm-none-eabi/5.4.1/../../../../arm-none-eabi/lib/armv7-m\libg_nano.a(lib_a-memcpy-stub.o)
 .ARM.attributes
                0x0000058e       0x2d c:/program files (x86)/cypress/psoc creator/4.3/psoc creator/import/gnu/arm/5.4.1/bin/../lib/gcc/arm-none-eabi/5.4.1/../../../../arm-none-eabi/lib/armv7-m\libg_nano.a(lib_a-memset.o)
 .ARM.attributes
                0x000005bb       0x2d c:/program files (x86)/cypress/psoc creator/4.3/psoc creator/import/gnu/arm/5.4.1/bin/../lib/gcc/arm-none-eabi/5.4.1/../../../../arm-none-eabi/lib/armv7-m\libg_nano.a(lib_a-sprintf.o)
 .ARM.attributes
                0x000005e8       0x2d c:/program files (x86)/cypress/psoc creator/4.3/psoc creator/import/gnu/arm/5.4.1/bin/../lib/gcc/arm-none-eabi/5.4.1/../../../../arm-none-eabi/lib/armv7-m\libg_nano.a(lib_a-nano-svfprintf.o)
 .ARM.attributes
                0x00000615       0x2d c:/program files (x86)/cypress/psoc creator/4.3/psoc creator/import/gnu/arm/5.4.1/bin/../lib/gcc/arm-none-eabi/5.4.1/../../../../arm-none-eabi/lib/armv7-m\libg_nano.a(lib_a-nano-vfprintf_i.o)
 .ARM.attributes
                0x00000642       0x2d c:/program files (x86)/cypress/psoc creator/4.3/psoc creator/import/gnu/arm/5.4.1/bin/../lib/gcc/arm-none-eabi/5.4.1/../../../../arm-none-eabi/lib/armv7-m\libg_nano.a(lib_a-memchr-stub.o)
 .ARM.attributes
                0x0000066f       0x2d c:/program files (x86)/cypress/psoc creator/4.3/psoc creator/import/gnu/arm/5.4.1/bin/../lib/gcc/arm-none-eabi/5.4.1/../../../../arm-none-eabi/lib/armv7-m\libg_nano.a(lib_a-memmove.o)
 .ARM.attributes
                0x0000069c       0x2d c:/program files (x86)/cypress/psoc creator/4.3/psoc creator/import/gnu/arm/5.4.1/bin/../lib/gcc/arm-none-eabi/5.4.1/../../../../arm-none-eabi/lib/armv7-m\libg_nano.a(lib_a-nano-freer.o)
 .ARM.attributes
                0x000006c9       0x2d c:/program files (x86)/cypress/psoc creator/4.3/psoc creator/import/gnu/arm/5.4.1/bin/../lib/gcc/arm-none-eabi/5.4.1/../../../../arm-none-eabi/lib/armv7-m\libg_nano.a(lib_a-nano-mallocr.o)
 .ARM.attributes
                0x000006f6       0x2d c:/program files (x86)/cypress/psoc creator/4.3/psoc creator/import/gnu/arm/5.4.1/bin/../lib/gcc/arm-none-eabi/5.4.1/../../../../arm-none-eabi/lib/armv7-m\libg_nano.a(lib_a-nano-reallocr.o)
 .ARM.attributes
                0x00000723       0x2d c:/program files (x86)/cypress/psoc creator/4.3/psoc creator/import/gnu/arm/5.4.1/bin/../lib/gcc/arm-none-eabi/5.4.1/../../../../arm-none-eabi/lib/armv7-m\libg_nano.a(lib_a-sbrkr.o)
 .ARM.attributes
                0x00000750       0x2d c:/program files (x86)/cypress/psoc creator/4.3/psoc creator/import/gnu/arm/5.4.1/bin/../lib/gcc/arm-none-eabi/5.4.1/../../../../arm-none-eabi/lib/armv7-m\libg_nano.a(lib_a-mlock.o)
 .ARM.attributes
                0x0000077d       0x2d c:/program files (x86)/cypress/psoc creator/4.3/psoc creator/import/gnu/arm/5.4.1/bin/../lib/gcc/arm-none-eabi/5.4.1/../../../../arm-none-eabi/lib/armv7-m\libg_nano.a(lib_a-nano-msizer.o)
 .ARM.attributes
                0x000007aa       0x2d c:/program files (x86)/cypress/psoc creator/4.3/psoc creator/import/gnu/arm/5.4.1/bin/../lib/gcc/arm-none-eabi/5.4.1/../../../../arm-none-eabi/lib/armv7-m\libg_nano.a(lib_a-reent.o)
 .ARM.attributes
                0x000007d7       0x2d c:/program files (x86)/cypress/psoc creator/4.3/psoc creator/import/gnu/arm/5.4.1/bin/../lib/gcc/arm-none-eabi/5.4.1/armv7-m/crtend.o
 .ARM.attributes
                0x00000804       0x1d c:/program files (x86)/cypress/psoc creator/4.3/psoc creator/import/gnu/arm/5.4.1/bin/../lib/gcc/arm-none-eabi/5.4.1/armv7-m/crtn.o

/DISCARD/
 *(.note.GNU-stack)
OUTPUT(C:\Users\simon\Desktop\ProgettoLTES\ASSIGNMENT_05\PSoC_03\AY1920_II_HW_05_PROJ_2.3.cydsn\CortexM3\ARM_GCC_541\Debug\AY1920_II_HW_05_PROJ_2.3.elf elf32-littlearm)
